################################################################################
#                                                                              #
#      IAR Universal Linker V6.3.4.78                                          #
#                                                                              #
#           Link time     =  31/May/2017  16:06:01                             #
#           Target CPU    =  MSP430                                            #
#           List file     =  C:\Users\Soroosh\Documents\Lab11\Debug\List\Lab11 #
#                            .map                                              #
#           Output file 1 =  C:\Users\Soroosh\Documents\Lab11\Debug\Exe\Lab11. #
#                            d43                                               #
#                            Format: ubrof10                                   #
#                            UBROF version 10.0.6                              #
#                            Using library modules for C-SPY (-rt)             #
#           Command line  =  C:\Users\Soroosh\Documents\Lab11\Debug\Obj\asm.r4 #
#                            3                                                 #
#                            -o                                                #
#                            C:\Users\Soroosh\Documents\Lab11\Debug\Exe\Lab11. #
#                            d43                                               #
#                            -l                                                #
#                            C:\Users\Soroosh\Documents\Lab11\Debug\List\Lab11 #
#                            .map                                              #
#                            -xms                                              #
#                            "-IC:\Program Files (x86)\IAR Systems\Embedded Wo #
#                            rkbench 7.3\430\LIB\"                             #
#                            -f                                                #
#                            "C:\Program Files (x86)\IAR Systems\Embedded Work #
#                            bench 7.3\430\config\linker\lnk430f2619.xcl"      #
#                            (-cmsp430 -QCODE_I=CODE_ID -QTLS16_I=TLS16_ID     #
#                            -D__iar_HWMUL=130 -Z(CONST)INFO=1000-10FF         #
#                            -Z(CONST)INFOA=10C0-10FF                          #
#                            -Z(CONST)INFOB=1080-10BF                          #
#                            -Z(CONST)INFOC=1040-107F                          #
#                            -Z(CONST)INFOD=1000-103F                          #
#                            -Z(DATA)DATA16_I,DATA16_Z,DATA16_N,TLS16_I=1100-2 #
#                            0FF                                               #
#                            -Z(DATA)DATA16_HEAP+_DATA16_HEAP_SIZE             #
#                            -Z(DATA)CODE_I                                    #
#                            -Z(DATA)DATA20_I,DATA20_Z,DATA20_N,DATA20_HEAP+_D #
#                            ATA20_HEAP_SIZE                                   #
#                            -Z(DATA)CSTACK+_STACK_SIZE#                       #
#                            -Z(CONST)DATA16_C,DATA16_ID,TLS16_ID,DIFUNCT,CHEC #
#                            KSUM=2100-FFBD                                    #
#                            -Z(CODE)CSTART,ISR_CODE,CODE16=2100-FFBD          #
#                            -P(CODE)CODE=2100-FFBD,10000-1FFFF                #
#                            -Z(CONST)DATA20_C,DATA20_ID,CODE_ID=2100-FFBD,100 #
#                            40-1FFFF                                          #
#                            -Z(CONST)SIGNATURE=FFBE-FFBF                      #
#                            -Z(CODE)INTVEC=FFC0-FFFF                          #
#                            -Z(CODE)RESET=FFFE-FFFF) -f                       #
#                            "C:\Program Files (x86)\IAR Systems\Embedded Work #
#                            bench 7.3\430\config\linker\multiplier.xcl"       #
#                            (-e?Mul8Hw=?Mul8 -e?Mul16Hw=?Mul16                #
#                            -e?Mul16to32uHw=?Mul16to32u                       #
#                            -e?Mul16to32sHw=?Mul16to32s -e?Mul32Hw=?Mul32     #
#                            -e_Mul64iHw=_Mul64i                               #
#                            -e_Mul32u32uto64iHw=_Mul32u32uto64i               #
#                            -e?Mul32fHw=_Mul32f -e_Mul64fHwPtr=_Mul64fPtr)    #
#                            -D_STACK_SIZE=50 -rt -D_DATA16_HEAP_SIZE=50       #
#                            -D_DATA20_HEAP_SIZE=50                            #
#                                                                              #
#                           Copyright (C) 1987-2015 IAR Systems AB.            #
################################################################################





                ****************************************
                *                                      *
                *           CROSS REFERENCE            *
                *                                      *
                ****************************************

                  There are no program entries.


                ****************************************
                *                                      *
                *    AUTOMATIC SYMBOL REDIRECTIONS     *
                *                                      *
                ****************************************

                  There are no automatic symbol redirections.



                ****************************************
                *                                      *
                *              MODULE MAP              *
                *                                      *
                ****************************************


  DEFINED ABSOLUTE ENTRIES
    *************************************************************************

  DEFINED ABSOLUTE ENTRIES
  PROGRAM MODULE, NAME : ?ABS_ENTRY_MOD

Absolute parts
           ENTRY                   ADDRESS         REF BY
           =====                   =======         ======
           _DATA20_HEAP_SIZE       0050 
           _DATA16_HEAP_SIZE       0050 
           _STACK_SIZE             0050 
           __iar_HWMUL             0130 
    *************************************************************************

  FILE NAME : C:\Users\Soroosh\Documents\Lab11\Debug\Obj\asm.r43
  PROGRAM MODULE, NAME : asm

Absolute parts
     1500 - 15AD
     FFFE - FFFF
           LOCAL                   ADDRESS         
           =====                   =======         
           __MSP430F412__          0000 
           RESET                   1500 
           StopWDT                 1504 
           main                    1578 
           infinity_loop           1578 
           CheckFlag_loop          1582 
           RecieveDone             158A 
           CheckFlag_loop1         1592 
           RecieveDone1            159A 



                ****************************************
                *                                      *
                *      SEGMENTS IN ADDRESS ORDER       *
                *                                      *
                ****************************************


SEGMENT              SPACE    START ADDRESS   END ADDRESS     SIZE  TYPE  ALIGN
=======              =====    =============   ===========     ====  ====  =====
                                       1500 - 15AD              AE  aseg  
                                       FFFE - FFFF               2  aseg  

                ****************************************
                *                                      *
                *        END OF CROSS REFERENCE        *
                *                                      *
                ****************************************

 0 bytes of CODE memory (+ 176 absolute )

Errors: none
Warnings: none

